#-----------------------------------------------------------
# Vivado v2023.2 (64-bit)
# SW Build 4029153 on Fri Oct 13 20:14:34 MDT 2023
# IP Build 4028589 on Sat Oct 14 00:45:43 MDT 2023
# SharedData Build 4025554 on Tue Oct 10 17:18:54 MDT 2023
# Start of session at: Thu Sep  5 00:37:16 2024
# Process ID: 5172
# Current directory: C:/Users/86182/Desktop/hx75_key_7seg
# Command line: vivado.exe -gui_launcher_event rodinguilauncherevent16760 C:\Users\86182\Desktop\hx75_key_7seg\hx75_key_7seg.xpr
# Log file: C:/Users/86182/Desktop/hx75_key_7seg/vivado.log
# Journal file: C:/Users/86182/Desktop/hx75_key_7seg\vivado.jou
# Running On: XitongDing, OS: Windows, CPU Frequency: 3194 MHz, CPU Physical cores: 16, Host memory: 33492 MB
#-----------------------------------------------------------
start_gui
open_project C:/Users/86182/Desktop/hx75_key_7seg/hx75_key_7seg.xpr
update_compile_order -fileset sources_1
reset_run synth_1
launch_runs synth_1 -jobs 8
launch_runs synth_1 -jobs 8
wait_on_run synth_1
reset_run synth_1
launch_runs synth_1 -jobs 8
wait_on_run synth_1
synth_design -top hx75_key_7seg -part xc7a75tfgg484-2 -lint 
synth_design -top hx75_key_7seg -part xc7a75tfgg484-2 -lint 
reset_run synth_1
launch_runs synth_1 -jobs 8
wait_on_run synth_1
reset_run synth_1
launch_runs synth_1 -jobs 8
wait_on_run synth_1
launch_runs impl_1 -jobs 8
wait_on_run impl_1
launch_runs impl_1 -to_step write_bitstream -jobs 8
wait_on_run impl_1
open_hw_manager
connect_hw_server -allow_non_jtag
open_hw_target
current_hw_device [get_hw_devices xc7a75t_0]
refresh_hw_device -update_hw_probes false [lindex [get_hw_devices xc7a75t_0] 0]
set_property PROBES.FILE {} [get_hw_devices xc7a75t_0]
set_property FULL_PROBES.FILE {} [get_hw_devices xc7a75t_0]
set_property PROGRAM.FILE {C:/Users/86182/Desktop/hx75_key_7seg/hx75_key_7seg.runs/impl_1/hx75_key_7seg.bit} [get_hw_devices xc7a75t_0]
program_hw_devices [get_hw_devices xc7a75t_0]
refresh_hw_device [lindex [get_hw_devices xc7a75t_0] 0]
reset_run impl_1 -prev_step 
launch_runs impl_1 -to_step write_bitstream -jobs 8
wait_on_run impl_1
set_property PROBES.FILE {} [get_hw_devices xc7a75t_0]
set_property FULL_PROBES.FILE {} [get_hw_devices xc7a75t_0]
set_property PROGRAM.FILE {C:/Users/86182/Desktop/hx75_key_7seg/hx75_key_7seg.runs/impl_1/hx75_key_7seg.bit} [get_hw_devices xc7a75t_0]
program_hw_devices [get_hw_devices xc7a75t_0]
refresh_hw_device [lindex [get_hw_devices xc7a75t_0] 0]
reset_run synth_1
launch_runs synth_1 -jobs 8
wait_on_run synth_1
launch_runs impl_1 -jobs 8
wait_on_run impl_1
launch_runs impl_1 -to_step write_bitstream -jobs 8
wait_on_run impl_1
set_property PROBES.FILE {} [get_hw_devices xc7a75t_0]
set_property FULL_PROBES.FILE {} [get_hw_devices xc7a75t_0]
set_property PROGRAM.FILE {C:/Users/86182/Desktop/hx75_key_7seg/hx75_key_7seg.runs/impl_1/hx75_key_7seg.bit} [get_hw_devices xc7a75t_0]
program_hw_devices [get_hw_devices xc7a75t_0]
refresh_hw_device [lindex [get_hw_devices xc7a75t_0] 0]
synth_design -rtl -rtl_skip_mlo -name rtl_1
close [ open C:/Users/86182/Desktop/hx75_key_7seg/hx75_key_7seg.srcs/sources_1/new/Keyboard_conversion.v w ]
add_files C:/Users/86182/Desktop/hx75_key_7seg/hx75_key_7seg.srcs/sources_1/new/Keyboard_conversion.v
update_compile_order -fileset sources_1
export_ip_user_files -of_objects  [get_files C:/Users/86182/Desktop/hx75_key_7seg/hx75_key_7seg.srcs/sources_1/new/Keyboard_conversion.v] -no_script -reset -force -quiet
remove_files  C:/Users/86182/Desktop/hx75_key_7seg/hx75_key_7seg.srcs/sources_1/new/Keyboard_conversion.v
file delete -force C:/Users/86182/Desktop/hx75_key_7seg/hx75_key_7seg.srcs/sources_1/new/Keyboard_conversion.v
remove_files  C:/Users/86182/Desktop/hx75_key_7seg/hx75_key_7seg.srcs/sources_1/new/Keyboard_conversion.v
reset_run synth_1
launch_runs synth_1 -jobs 8
launch_runs synth_1 -jobs 8
wait_on_run synth_1
reset_run synth_1
launch_runs synth_1 -jobs 8
wait_on_run synth_1
reset_run synth_1
launch_runs synth_1 -jobs 8
wait_on_run synth_1
reset_run synth_1
launch_runs synth_1 -jobs 8
wait_on_run synth_1
reset_run synth_1
launch_runs synth_1 -jobs 8
wait_on_run synth_1
launch_runs impl_1 -jobs 8
wait_on_run impl_1
launch_runs impl_1 -to_step write_bitstream -jobs 8
wait_on_run impl_1
set_property PROBES.FILE {} [get_hw_devices xc7a75t_0]
set_property FULL_PROBES.FILE {} [get_hw_devices xc7a75t_0]
set_property PROGRAM.FILE {C:/Users/86182/Desktop/hx75_key_7seg/hx75_key_7seg.runs/impl_1/hx75_key_7seg.bit} [get_hw_devices xc7a75t_0]
program_hw_devices [get_hw_devices xc7a75t_0]
refresh_hw_device [lindex [get_hw_devices xc7a75t_0] 0]
reset_run synth_1
launch_runs synth_1 -jobs 8
wait_on_run synth_1
launch_runs impl_1 -jobs 8
wait_on_run impl_1
launch_runs impl_1 -to_step write_bitstream -jobs 8
wait_on_run impl_1
set_property PROBES.FILE {} [get_hw_devices xc7a75t_0]
set_property FULL_PROBES.FILE {} [get_hw_devices xc7a75t_0]
set_property PROGRAM.FILE {C:/Users/86182/Desktop/hx75_key_7seg/hx75_key_7seg.runs/impl_1/hx75_key_7seg.bit} [get_hw_devices xc7a75t_0]
program_hw_devices [get_hw_devices xc7a75t_0]
refresh_hw_device [lindex [get_hw_devices xc7a75t_0] 0]
reset_run synth_1
launch_runs synth_1 -jobs 8
wait_on_run synth_1
launch_runs impl_1 -jobs 8
wait_on_run impl_1
launch_runs impl_1 -to_step write_bitstream -jobs 8
wait_on_run impl_1
set_property PROBES.FILE {} [get_hw_devices xc7a75t_0]
set_property FULL_PROBES.FILE {} [get_hw_devices xc7a75t_0]
set_property PROGRAM.FILE {C:/Users/86182/Desktop/hx75_key_7seg/hx75_key_7seg.runs/impl_1/hx75_key_7seg.bit} [get_hw_devices xc7a75t_0]
program_hw_devices [get_hw_devices xc7a75t_0]
refresh_hw_device [lindex [get_hw_devices xc7a75t_0] 0]
