#-----------------------------------------------------------
# Vivado v2023.2 (64-bit)
# SW Build 4029153 on Fri Oct 13 20:14:34 MDT 2023
# IP Build 4028589 on Sat Oct 14 00:45:43 MDT 2023
# SharedData Build 4025554 on Tue Oct 10 17:18:54 MDT 2023
# Start of session at: Thu Sep  5 16:33:39 2024
# Process ID: 6172
# Current directory: C:/Users/86182/Documents/GitHub/Railway_System/Railway_System
# Command line: vivado.exe -gui_launcher_event rodinguilauncherevent20764 C:\Users\86182\Documents\GitHub\Railway_System\Railway_System\hx75_key_7seg.xpr
# Log file: C:/Users/86182/Documents/GitHub/Railway_System/Railway_System/vivado.log
# Journal file: C:/Users/86182/Documents/GitHub/Railway_System/Railway_System\vivado.jou
# Running On: XitongDing, OS: Windows, CPU Frequency: 3194 MHz, CPU Physical cores: 16, Host memory: 33492 MB
#-----------------------------------------------------------
start_gui
open_project C:/Users/86182/Documents/GitHub/Railway_System/Railway_System/hx75_key_7seg.xpr
update_compile_order -fileset sources_1

