#-----------------------------------------------------------
# Vivado v2023.2 (64-bit)
# SW Build 4029153 on Fri Oct 13 20:14:34 MDT 2023
# IP Build 4028589 on Sat Oct 14 00:45:43 MDT 2023
# SharedData Build 4025554 on Tue Oct 10 17:18:54 MDT 2023
# Start of session at: Thu Sep 12 01:31:36 2024
# Process ID: 17860
# Current directory: Z:/FPGA/Railway_System/Railway_System_V5
# Command line: vivado.exe -gui_launcher_event rodinguilauncherevent18192 Z:\FPGA\Railway_System\Railway_System_V5\hx75_key_7seg.xpr
# Log file: Z:/FPGA/Railway_System/Railway_System_V5/vivado.log
# Journal file: Z:/FPGA/Railway_System/Railway_System_V5\vivado.jou
# Running On: SaverZY, OS: Windows, CPU Frequency: 2419 MHz, CPU Physical cores: 24, Host memory: 68518 MB
#-----------------------------------------------------------
start_gui
open_project Z:/FPGA/Railway_System/Railway_System_V5/hx75_key_7seg.xprupdate_compile_order -fileset sources_1
close [ open Z:/FPGA/Railway_System/Railway_System_V5/hx75_key_7seg.srcs/sources_1/new/get_ticket_num.v w ]
add_files Z:/FPGA/Railway_System/Railway_System_V5/hx75_key_7seg.srcs/sources_1/new/get_ticket_num.v
update_compile_order -fileset sources_1
update_compile_order -fileset sources_1
update_compile_order -fileset sources_1
update_compile_order -fileset sources_1
update_compile_order -fileset sources_1
